
Allocating common symbols
Common symbol       size              file

myglobalclock       0x4               binaries/ascdate.o
netbufpool          0x4               binaries/net.o
readylist           0x7a              binaries/ready.o
rfltab              0x5a0             binaries/rflinit.o
tstab               0x2d0             binaries/initialize.o
sleepq              0x2               binaries/clkinit.o
nnames              0x4               binaries/naminit.o
udptab              0x168             binaries/udp.o
minheap             0x4               binaries/meminit.o
marks               0x50              binaries/mark.o
currpid             0x4               binaries/initialize.o
Lf_data             0x20c             binaries/lfsinit.o
porttab             0x2d0             binaries/ptinit.o
girmask             0x2               binaries/evec.o
ttytab              0x10c             binaries/ttyinit.o
proctab             0x2d50            binaries/initialize.o
proc2buf            0x4               binaries/main.o
prcount             0x4               binaries/initialize.o
lfltab              0xf00             binaries/lflinit.o
rdstab              0x8c              binaries/rdsinit.o
ethertab            0x138             binaries/ethinit.o
NetData             0xa8              binaries/net.o
nmarks              0x4               binaries/mark.o
Defer               0x8               binaries/resched.o
semtab              0x4b0             binaries/initialize.o
maxheap             0x4               binaries/meminit.o
preempt             0x4               binaries/clkinit.o
buftab              0xf0              binaries/bufinit.o
Rf_data             0x18              binaries/rfsinit.o
mkmutex             0x4               binaries/mark.o
proc1buf            0x4               binaries/main.o
matrix              0x27100           binaries/initialize.o
clktime             0x4               binaries/clkinit.o
arpcache            0x140             binaries/arp.o
icmptab             0x230             binaries/icmp.o
nbpools             0x4               binaries/bufinit.o
queuetab            0x2700            binaries/queue.o
ptnextid            0x4               binaries/ptinit.o
Ram                 0x19000           binaries/raminit.o
ipoqueue            0x2c              binaries/ip.o
memlist             0x8               binaries/initialize.o
nametab             0x19a0            binaries/naminit.o
ptfree              0x4               binaries/ptinit.o
num_rt_pro          0x4               binaries/initialize.o

Memory Configuration

Name             Origin             Length             Attributes
*default*        0x0000000000000000 0xffffffffffffffff

Linker script and memory map

                0x0000000000100000                physbase = 0x100000
                0x0000000000100000                . = physbase
                0x0000000000100000                . = ALIGN (0x1000)

.text           0x0000000000100000    0x16000
                0x0000000000100000                text = ABSOLUTE (.)
 *(.text .text.*)
 .text          0x0000000000100000      0x1ac binaries/start.o
                0x0000000000100028                start
                0x00000000001000fa                inb
                0x0000000000100102                inw
                0x000000000010010b                inl
                0x0000000000100113                outb
                0x000000000010011d                outw
                0x0000000000100128                outl
                0x0000000000100132                _rtcin
                0x000000000010013d                ___udivsi3
                0x0000000000100148                ___divsi3
                0x0000000000100154                sbzero
                0x0000000000100164                bcopy
                0x0000000000100178                insw
                0x000000000010018e                outsw
                0x00000000001001a4                lidt
 .text          0x00000000001001ac      0x2f6 binaries/ascdate.o
                0x00000000001001ac                ascdate
 .text          0x00000000001004a2       0x10 binaries/bufinit.o
                0x00000000001004a2                bufinit
 .text          0x00000000001004b2       0x68 binaries/chprio.o
                0x00000000001004b2                chprio
 .text          0x000000000010051a       0x9f binaries/clkhandler.o
                0x000000000010051a                clkhandler
 .text          0x00000000001005b9       0x76 binaries/clkinit.o
                0x00000000001005b9                clkinit
 .text          0x000000000010062f       0x4e binaries/close.o
                0x000000000010062f                close
 .text          0x000000000010067d        0x0 binaries/conf.o
 .text          0x000000000010067d       0x66 binaries/control.o
                0x000000000010067d                control
 .text          0x00000000001006e3      0x111 binaries/cpuintensive.o
                0x00000000001006e3                cpuintensive
 .text          0x00000000001007f4      0x1fa binaries/create.o
                0x00000000001007f4                create
 .text          0x00000000001009ee       0xa9 binaries/cycle_detect.o
                0x00000000001009ee                cycle_detect
 .text          0x0000000000100a97      0x2b9 binaries/early_imr.o
                0x0000000000100a97                intel_cln_early_sb_read_reg
                0x0000000000100afe                intel_cln_early_sb_write_reg
                0x0000000000100c0e                remove_irm_protections
 .text          0x0000000000100d50      0x374 binaries/evec.o
                0x0000000000100d50                setirmask
                0x0000000000100d8e                set_evec
                0x0000000000100deb                initevec
                0x0000000000100efb                trap
 .text          0x00000000001010c4       0x67 binaries/freebuf.o
                0x00000000001010c4                freebuf
 .text          0x000000000010112b       0xeb binaries/freemem.o
                0x000000000010112b                freemem
 .text          0x0000000000101216       0x64 binaries/getbuf.o
                0x0000000000101216                getbuf
 .text          0x000000000010127a       0x4e binaries/getc.o
                0x000000000010127a                getc
 .text          0x00000000001012c8       0x60 binaries/getdev.o
                0x00000000001012c8                getdev
 .text          0x0000000000101328       0x92 binaries/getitem.o
                0x0000000000101328                getitem
                0x000000000010135e                getfirst
                0x0000000000101389                getlast
 .text          0x00000000001013ba       0xb2 binaries/getmem.o
                0x00000000001013ba                getmem
 .text          0x000000000010146c        0x6 binaries/getpid.o
                0x000000000010146c                getpid
 .text          0x0000000000101472       0x5c binaries/getprio.o
                0x0000000000101472                getprio
 .text          0x00000000001014ce       0x9a binaries/getstk.o
                0x00000000001014ce                getstk
 .text          0x0000000000101568       0x34 binaries/gettime.o
                0x0000000000101568                gettime
 .text          0x000000000010159c      0x1ba binaries/getutime.o
                0x000000000010159c                getutime
 .text          0x0000000000101756       0x4e binaries/init.o
                0x0000000000101756                init
 .text          0x00000000001017a4      0x43e binaries/initialize.o
                0x00000000001017a4                init_ts_ent_table
                0x00000000001018f1                nulluser
                0x0000000000101b9a                stop
                0x0000000000101bbf                delay
 .text          0x0000000000101be2       0xbc binaries/insert.o
                0x0000000000101be2                insert
 .text          0x0000000000101c9e       0xd2 binaries/insert_real.o
                0x0000000000101c9e                insert_real
 .text          0x0000000000101d70      0x107 binaries/insertd.o
                0x0000000000101d70                insertd
 .text          0x0000000000101e77        0x6 binaries/ioerr.o
                0x0000000000101e77                ioerr
 .text          0x0000000000101e7d       0xd4 binaries/iointensive.o
                0x0000000000101e7d                iointensive
 .text          0x0000000000101f51        0x6 binaries/ionull.o
                0x0000000000101f51                ionull
 .text          0x0000000000101f57      0x148 binaries/kill.o
                0x0000000000101f57                kill
 .text          0x000000000010209f       0xb8 binaries/kprintf.o
                0x000000000010209f                kputc
                0x00000000001020ce                console_init
                0x000000000010210d                kgetc
                0x000000000010212f                kprintf
 .text          0x0000000000102157      0x36f binaries/main.o
                0x0000000000102157                myrecvhandler1
                0x0000000000102178                myrecvhandler2
                0x0000000000102199                bonusrecvhandler3
                0x00000000001021c6                bonusrecvhandler1
                0x00000000001021e7                bonusrecvhandler2
                0x0000000000102208                bonusrecv3
                0x0000000000102253                sendMessage
                0x00000000001022b2                receiveMessage
                0x00000000001022e3                recv1
                0x0000000000102311                recv2
                0x000000000010233f                bonusrecv1
                0x0000000000102375                bonusrecv2
                0x00000000001023ab                send1
                0x000000000010240a                send2
                0x000000000010243a                main
 .text          0x00000000001024c6       0x93 binaries/mark.o
                0x00000000001024c6                markinit
                0x00000000001024e8                mark
 .text          0x0000000000102559      0x1d1 binaries/meminit.o
                0x0000000000102559                meminit
                0x00000000001026b3                setsegs
 .text          0x000000000010272a      0x117 binaries/mkbufpool.o
                0x000000000010272a                mkbufpool
 .text          0x0000000000102841       0x57 binaries/myProgA.o
                0x0000000000102841                myProgA
 .text          0x0000000000102898       0x8b binaries/mydeadlocktest.o
                0x0000000000102898                mydeadlocktest
 .text          0x0000000000102923       0x47 binaries/myfuncA.o
                0x0000000000102923                myfuncA
 .text          0x000000000010296a      0x169 binaries/myperiodicrtapp.o
                0x000000000010296a                myperiodicrtapp
 .text          0x0000000000102ad3       0x81 binaries/newqueue.o
                0x0000000000102ad3                newqueue
 .text          0x0000000000102b54       0x5e binaries/open.o
                0x0000000000102b54                open
 .text          0x0000000000102bb2       0x1e binaries/panic.o
                0x0000000000102bb2                panic
 .text          0x0000000000102bd0      0x26e binaries/pci.o
                0x0000000000102bd0                pci_init
                0x0000000000102bd6                find_pci_device
                0x0000000000102c8c                pci_read_config_byte
                0x0000000000102cc7                pci_read_config_word
                0x0000000000102d04                pci_read_config_dword
                0x0000000000102d3f                pci_write_config_byte
                0x0000000000102d78                pci_write_config_word
                0x0000000000102db2                pci_write_config_dword
                0x0000000000102deb                pci_get_dev_mmio_base_addr
 .text          0x0000000000102e3e       0x59 binaries/platinit.o
                0x0000000000102e3e                platinit
 .text          0x0000000000102e97       0x2f binaries/printloop.o
                0x0000000000102e97                printloop
 .text          0x0000000000102ec6      0x117 binaries/printprocstks.o
                0x0000000000102ec6                printprocstks
 .text          0x0000000000102fdd      0x126 binaries/printsegaddress.o
                0x0000000000102fdd                printsegaddress
 .text          0x0000000000103103       0xa3 binaries/ptclear.o
                0x0000000000103103                _ptclear
 .text          0x00000000001031a6       0x6e binaries/ptcount.o
                0x00000000001031a6                ptcount
 .text          0x0000000000103214       0xc0 binaries/ptcreate.o
                0x0000000000103214                ptcreate
 .text          0x00000000001032d4       0x66 binaries/ptdelete.o
                0x00000000001032d4                ptdelete
 .text          0x000000000010333a       0x89 binaries/ptinit.o
                0x000000000010333a                ptinit
 .text          0x00000000001033c3       0xb5 binaries/ptrecv.o
                0x00000000001033c3                ptrecv
 .text          0x0000000000103478       0x60 binaries/ptreset.o
                0x0000000000103478                ptreset
 .text          0x00000000001034d8       0xd0 binaries/ptsend.o
                0x00000000001034d8                ptsend
 .text          0x00000000001035a8       0x5d binaries/putc.o
                0x00000000001035a8                putc
 .text          0x0000000000103605       0xd5 binaries/quark_irq.o
                0x0000000000103605                quark_irq_routing
 .text          0x00000000001036da      0x1c9 binaries/quark_pdat.o
                0x00000000001036da                get_quark_pdat_entry_data_by_id
                0x00000000001037bb                get_quark_pdat_entry_data_by_desc
 .text          0x00000000001038a3       0xc3 binaries/queue.o
                0x00000000001038a3                enqueue
                0x0000000000103918                dequeue
 .text          0x0000000000103966       0x5e binaries/read.o
                0x0000000000103966                read
 .text          0x00000000001039c4       0xb7 binaries/ready.o
                0x00000000001039c4                ready
 .text          0x0000000000103a7b       0xb9 binaries/receive.o
                0x0000000000103a7b                receive
 .text          0x0000000000103b34       0x43 binaries/recvclr.o
                0x0000000000103b34                recvclr
 .text          0x0000000000103b77       0x9a binaries/recvtime.o
                0x0000000000103b77                recvtime
 .text          0x0000000000103c11       0x5b binaries/registercb.o
                0x0000000000103c11                registercb
 .text          0x0000000000103c6c       0x92 binaries/registercbsig.o
                0x0000000000103c6c                registercbsig
 .text          0x0000000000103cfe      0x316 binaries/resched.o
                0x0000000000103cfe                resched
                0x0000000000103fa1                resched_cntl
 .text          0x0000000000104014       0x87 binaries/resume.o
                0x0000000000104014                resume
 .text          0x000000000010409b        0x0 binaries/rogueB.o
 .text          0x000000000010409b        0x0 binaries/rogueB2.o
 .text          0x000000000010409b      0x29f binaries/rt_create.o
                0x000000000010409b                rt_create
 .text          0x000000000010433a       0x56 binaries/seek.o
                0x000000000010433a                seek
 .text          0x0000000000104390       0x47 binaries/semcount.o
                0x0000000000104390                semcount
 .text          0x00000000001043d7       0x8d binaries/semcreate.o
                0x00000000001043d7                semcreate
 .text          0x0000000000104464       0xa8 binaries/semdelete.o
                0x0000000000104464                semdelete
 .text          0x000000000010450c       0x95 binaries/semreset.o
                0x000000000010450c                semreset
 .text          0x00000000001045a1       0xb4 binaries/send.o
                0x00000000001045a1                send
 .text          0x0000000000104655      0x1cd binaries/sendb.o
                0x0000000000104655                sendb
 .text          0x0000000000104822       0x96 binaries/signal.o
                0x0000000000104822                signal
 .text          0x00000000001048b8       0xa8 binaries/signaln.o
                0x00000000001048b8                signaln
 .text          0x0000000000104960       0xbe binaries/sleep.o
                0x0000000000104960                sleepms
                0x00000000001049ec                sleep
 .text          0x0000000000104a1e        0x0 binaries/someprogA.o
 .text          0x0000000000104a1e        0x0 binaries/someprogB.o
 .text          0x0000000000104a1e      0x17c binaries/stacktrace.o
                0x0000000000104a1e                stacktrace
 .text          0x0000000000104b9a       0xb2 binaries/suspend.o
                0x0000000000104b9a                suspend
 .text          0x0000000000104c4c       0xac binaries/unsleep.o
                0x0000000000104c4c                unsleep
 .text          0x0000000000104cf8       0x14 binaries/userret.o
                0x0000000000104cf8                userret
 .text          0x0000000000104d0c       0x9e binaries/wait.o
                0x0000000000104d0c                wait
 .text          0x0000000000104daa      0x113 binaries/waitd.o
                0x0000000000104daa                waitd
 .text          0x0000000000104ebd       0x7d binaries/wakeup.o
                0x0000000000104ebd                wakeup
 .text          0x0000000000104f3a       0x5e binaries/write.o
                0x0000000000104f3a                write
 .text          0x0000000000104f98       0x18 binaries/xdone.o
                0x0000000000104f98                xdone
 .text          0x0000000000104fb0       0x22 binaries/yield.o
                0x0000000000104fb0                yield
 .text          0x0000000000104fd2        0xe binaries/abs.o
                0x0000000000104fd2                abs
 .text          0x0000000000104fe0       0x70 binaries/atoi.o
                0x0000000000104fe0                atoi
 .text          0x0000000000105050       0x70 binaries/atol.o
                0x0000000000105050                atol
 .text          0x00000000001050c0       0x18 binaries/bzero.o
                0x00000000001050c0                bzero
 .text          0x00000000001050d8        0x0 binaries/ctype_.o
 .text          0x00000000001050d8      0x716 binaries/doprnt.o
                0x0000000000105226                _doprnt
 .text          0x00000000001057ee      0x631 binaries/doscan.o
                0x00000000001057ee                _doscan
 .text          0x0000000000105e1f       0x31 binaries/fabs.o
                0x0000000000105e1f                fabs
 .text          0x0000000000105e50      0x70a binaries/fdoprnt.o
                0x0000000000105ed0                _fdoprnt
 .text          0x000000000010655a       0x1c binaries/fgetc.o
                0x000000000010655a                fgetc
 .text          0x0000000000106576       0x5e binaries/fgets.o
                0x0000000000106576                fgets
 .text          0x00000000001065d4       0x30 binaries/fprintf.o
                0x00000000001065d4                fprintf
 .text          0x0000000000106604       0x29 binaries/fputc.o
                0x0000000000106604                fputc
 .text          0x000000000010662d       0x3a binaries/fputs.o
                0x000000000010662d                fputs
 .text          0x0000000000106667       0x7a binaries/fscanf.o
                0x000000000010669e                fscanf
 .text          0x00000000001066e1       0x28 binaries/getchar.o
                0x00000000001066e1                getchar
 .text          0x0000000000106709        0xe binaries/labs.o
                0x0000000000106709                labs
 .text          0x0000000000106717       0x32 binaries/memchr.o
                0x0000000000106717                memchr
 .text          0x0000000000106749       0x4a binaries/memcmp.o
                0x0000000000106749                memcmp
 .text          0x0000000000106793       0x25 binaries/memcpy.o
                0x0000000000106793                memcpy
 .text          0x00000000001067b8       0x1e binaries/memset.o
                0x00000000001067b8                memset
 .text          0x00000000001067d6       0xca binaries/nthroot.o
                0x00000000001067d6                delta_x_k
                0x0000000000106814                nthroot
 .text          0x00000000001068a0       0xa4 binaries/pow.o
                0x00000000001068a0                pow
 .text          0x0000000000106944       0x45 binaries/printf.o
                0x0000000000106944                printf
 .text          0x0000000000106989       0x30 binaries/putchar.o
                0x0000000000106989                putchar
 .text          0x00000000001069b9      0x1cb binaries/qsort.o
                0x0000000000106b59                qsort
 .text          0x0000000000106b84       0x44 binaries/rand.o
                0x0000000000106b84                srand
                0x0000000000106b8e                rand
 .text          0x0000000000106bc8       0x55 binaries/sprintf.o
                0x0000000000106bdf                sprintf
 .text          0x0000000000106c1d       0x6c binaries/sscanf.o
                0x0000000000106c46                sscanf
 .text          0x0000000000106c89       0x33 binaries/strchr.o
                0x0000000000106c89                strchr
 .text          0x0000000000106cbc       0x43 binaries/strcmp.o
                0x0000000000106cbc                strcmp
 .text          0x0000000000106cff       0x1a binaries/strcpy.o
                0x0000000000106cff                strcpy
 .text          0x0000000000106d19       0x1c binaries/strlen.o
                0x0000000000106d19                strlen
 .text          0x0000000000106d35       0x3b binaries/strncat.o
                0x0000000000106d35                strncat
 .text          0x0000000000106d70       0x3a binaries/strncmp.o
                0x0000000000106d70                strncmp
 .text          0x0000000000106daa       0x58 binaries/strncpy.o
                0x0000000000106daa                strncpy
 .text          0x0000000000106e02       0x2e binaries/strnlen.o
                0x0000000000106e02                strnlen
 .text          0x0000000000106e30       0x30 binaries/strrchr.o
                0x0000000000106e30                strrchr
 .text          0x0000000000106e60       0x6e binaries/strstr.o
                0x0000000000106e60                strstr
 .text          0x0000000000106ece       0xbb binaries/ttycontrol.o
                0x0000000000106ece                ttycontrol
 .text          0x0000000000106f89       0x7b binaries/ttygetc.o
                0x0000000000106f89                ttygetc
 .text          0x0000000000107004      0x469 binaries/ttyhandle_in.o
                0x00000000001070b9                ttyhandle_in
 .text          0x000000000010746d      0x164 binaries/ttyhandle_out.o
                0x000000000010746d                ttyhandle_out
 .text          0x00000000001075d1       0x83 binaries/ttyhandler.o
                0x00000000001075d1                ttyhandler
 .text          0x0000000000107654      0x14e binaries/ttyinit.o
                0x0000000000107654                ttyinit
 .text          0x00000000001077a2        0xc binaries/ttykickout.o
                0x00000000001077a2                ttykickout
 .text          0x00000000001077ae       0x93 binaries/ttyputc.o
                0x00000000001077ae                ttyputc
 .text          0x0000000000107841       0xe2 binaries/ttyread.o
                0x0000000000107841                ttyread
 .text          0x0000000000107923       0x4d binaries/ttywrite.o
                0x0000000000107923                ttywrite
 .text          0x0000000000107970      0x10d binaries/mount.o
                0x0000000000107970                namlen
                0x00000000001079a8                mount
 .text          0x0000000000107a7d      0x1d5 binaries/naminit.o
                0x0000000000107a7d                naminit
 .text          0x0000000000107c52      0x203 binaries/nammap.o
                0x0000000000107c52                namrepl
                0x0000000000107d65                namcpy
                0x0000000000107db2                nammap
 .text          0x0000000000107e55       0x58 binaries/namopen.o
                0x0000000000107e55                namopen
 .text          0x0000000000107ead       0xd0 binaries/colon2mac.o
                0x0000000000107ead                colon2mac
 .text          0x0000000000107f7d       0x7b binaries/ethcontrol.o
                0x0000000000107f7d                ethcontrol
 .text          0x0000000000107ff8       0xfa binaries/ethhandler.o
                0x0000000000107ff8                ethhandler
 .text          0x00000000001080f2      0x4cf binaries/ethinit.o
                0x00000000001080f2                eth_phy_read
                0x0000000000108131                eth_phy_write
                0x0000000000108173                eth_phy_reset
                0x000000000010826f                ethinit
 .text          0x00000000001085c1      0x11a binaries/ethmcast.o
                0x00000000001085c1                ethmcast_add
                0x0000000000108614                ethmcast_remove
 .text          0x00000000001086db      0x156 binaries/ethread.o
                0x00000000001086db                ethread
 .text          0x0000000000108831       0xa3 binaries/ethwrite.o
                0x0000000000108831                ethwrite
 .text          0x00000000001088d4       0x62 binaries/rdsbufalloc.o
                0x00000000001088d4                rdsbufalloc
 .text          0x0000000000108936       0x7f binaries/rdsclose.o
                0x0000000000108936                rdsclose
 .text          0x00000000001089b5      0x200 binaries/rdscomm.o
                0x00000000001089b5                rdscomm
 .text          0x0000000000108bb5      0x194 binaries/rdscontrol.o
                0x0000000000108bb5                rdscontrol
 .text          0x0000000000108d49      0x17e binaries/rdsinit.o
                0x0000000000108d49                rdsinit
 .text          0x0000000000108ec7      0x15f binaries/rdsopen.o
                0x0000000000108ec7                rdsopen
 .text          0x0000000000109026      0x2d8 binaries/rdsprocess.o
                0x0000000000109026                rdsprocess
 .text          0x00000000001092fe      0x18a binaries/rdsread.o
                0x00000000001092fe                rdsread
 .text          0x0000000000109488      0x141 binaries/rdswrite.o
                0x0000000000109488                rdswrite
 .text          0x00000000001095c9        0x6 binaries/ramclose.o
                0x00000000001095c9                ramclose
 .text          0x00000000001095cf       0x44 binaries/raminit.o
                0x00000000001095cf                raminit
 .text          0x0000000000109613        0x7 binaries/ramopen.o
                0x0000000000109613                ramopen
 .text          0x000000000010961a       0x30 binaries/ramread.o
                0x000000000010961a                ramread
 .text          0x000000000010964a       0x30 binaries/ramwrite.o
                0x000000000010964a                ramwrite
 .text          0x000000000010967a       0x91 binaries/lfdballoc.o
                0x000000000010967a                lfdballoc
 .text          0x000000000010970b       0x5d binaries/lfdbfree.o
                0x000000000010970b                lfdbfree
 .text          0x0000000000109768       0xaa binaries/lfflush.o
                0x0000000000109768                lfflush
 .text          0x0000000000109812       0x7a binaries/lfgetmode.o
                0x0000000000109812                lfgetmode
 .text          0x000000000010988c       0x68 binaries/lfiballoc.o
                0x000000000010988c                lfiballoc
 .text          0x00000000001098f4       0x25 binaries/lfibclear.o
                0x00000000001098f4                lfibclear
 .text          0x0000000000109919       0x7a binaries/lfibget.o
                0x0000000000109919                lfibget
 .text          0x0000000000109993       0xa0 binaries/lfibput.o
                0x0000000000109993                lfibput
 .text          0x0000000000109a33       0x76 binaries/lflclose.o
                0x0000000000109a33                lflclose
 .text          0x0000000000109aa9       0xa2 binaries/lflcontrol.o
                0x0000000000109aa9                lflcontrol
 .text          0x0000000000109b4b       0x9e binaries/lflgetc.o
                0x0000000000109b4b                lflgetc
 .text          0x0000000000109be9       0xb8 binaries/lflinit.o
                0x0000000000109be9                lflinit
 .text          0x0000000000109ca1       0xba binaries/lflputc.o
                0x0000000000109ca1                lflputc
 .text          0x0000000000109d5b       0x6a binaries/lflread.o
                0x0000000000109d5b                lflread
 .text          0x0000000000109dc5       0x82 binaries/lflseek.o
                0x0000000000109dc5                lflseek
 .text          0x0000000000109e47       0x56 binaries/lflwrite.o
                0x0000000000109e47                lflwrite
 .text          0x0000000000109e9d      0x129 binaries/lfsckfmt.o
                0x0000000000109e9d                lfsckfmt
 .text          0x0000000000109fc6      0x1d9 binaries/lfscreate.o
                0x0000000000109fc6                lfscreate
 .text          0x000000000010a19f      0x1aa binaries/lfsetup.o
                0x000000000010a19f                lfsetup
 .text          0x000000000010a349       0x51 binaries/lfsinit.o
                0x000000000010a349                lfsinit
 .text          0x000000000010a39a      0x2ad binaries/lfsopen.o
                0x000000000010a39a                lfsopen
 .text          0x000000000010a647      0x11c binaries/lftruncate.o
                0x000000000010a647                lftruncate
 .text          0x000000000010a763       0x5a binaries/rflclose.o
                0x000000000010a763                rflclose
 .text          0x000000000010a7bd       0x34 binaries/rflgetc.o
                0x000000000010a7bd                rflgetc
 .text          0x000000000010a7f1       0x4b binaries/rflinit.o
                0x000000000010a7f1                rflinit
 .text          0x000000000010a83c       0x3a binaries/rflputc.o
                0x000000000010a83c                rflputc
 .text          0x000000000010a876      0x296 binaries/rflread.o
                0x000000000010a876                rflread
 .text          0x000000000010ab0c       0x60 binaries/rflseek.o
                0x000000000010ab0c                rflseek
 .text          0x000000000010ab6c      0x2b3 binaries/rflwrite.o
                0x000000000010ab6c                rflwrite
 .text          0x000000000010ae1f      0x17f binaries/rfscomm.o
                0x000000000010ae1f                rfscomm
 .text          0x000000000010af9e      0x24a binaries/rfscontrol.o
                0x000000000010af9e                rfscontrol
 .text          0x000000000010b1e8       0x7a binaries/rfsgetmode.o
                0x000000000010b1e8                rfsgetmode
 .text          0x000000000010b262       0x76 binaries/rfsinit.o
                0x000000000010b262                rfsinit
 .text          0x000000000010b2d8       0xbb binaries/rfsndmsg.o
                0x000000000010b2d8                rfsndmsg
 .text          0x000000000010b393      0x229 binaries/rfsopen.o
                0x000000000010b393                rfsopen
 .text          0x000000000010b5bc      0x64d binaries/arp.o
                0x000000000010b5bc                arp_init
                0x000000000010b5d4                arp_alloc
                0x000000000010b684                arp_ntoh
                0x000000000010b6ee                arp_hton
                0x000000000010b758                arp_resolve
                0x000000000010b9d7                arp_in
 .text          0x000000000010bc09      0x614 binaries/dhcp.o
                0x000000000010bc09                dhcp_get_opt_val
                0x000000000010bc5c                dhcp_bld_bootp_msg
                0x000000000010bd5c                dhcp_bld_disc
                0x000000000010bdae                dhcp_bld_req
                0x000000000010be4c                getlocalip
 .text          0x000000000010c21d       0xcb binaries/dot2ip.o
                0x000000000010c21d                dot2ip
 .text          0x000000000010c2e8      0x366 binaries/hexdump.o
                0x000000000010c2e8                hexdump
                0x000000000010c417                hexadump
 .text          0x000000000010c64e      0x5ef binaries/icmp.o
                0x000000000010c64e                icmp_init
                0x000000000010c666                icmp_register
                0x000000000010c718                icmp_recv
                0x000000000010c86d                icmp_mkpkt
                0x000000000010c947                icmp_in
                0x000000000010ca7f                icmp_send
                0x000000000010cafb                icmp_release
                0x000000000010cbb7                icmp_cksum
                0x000000000010cc15                icmp_hton
                0x000000000010cc29                icmp_ntoh
 .text          0x000000000010cc3d      0x567 binaries/ip.o
                0x000000000010cc3d                ip_local
                0x000000000010cc71                ipcksum
                0x000000000010ccc2                ip_ntoh
                0x000000000010cd2c                ip_in
                0x000000000010ce21                ip_hton
                0x000000000010ce8b                ip_out
                0x000000000010cf3f                ip_send
                0x000000000010d03c                ipout
                0x000000000010d118                ip_enqueue
 .text          0x000000000010d1a4      0x1d3 binaries/net.o
                0x000000000010d1a4                net_init
                0x000000000010d2df                eth_hton
                0x000000000010d2e9                eth_ntoh
                0x000000000010d2f3                netin
 .text          0x000000000010d377       0xd3 binaries/netstart.o
                0x000000000010d377                netstart
 .text          0x000000000010d44a      0xb3f binaries/pdump.o
                0x000000000010d44a                pdump
                0x000000000010dab7                pdumph
 .text          0x000000000010df89      0x5db binaries/tftp.o
                0x000000000010df89                tftp_send1
                0x000000000010e0bc                tftpget_mb
                0x000000000010e527                tftpget
 .text          0x000000000010e564      0x7d8 binaries/udp.o
                0x000000000010e564                udp_init
                0x000000000010e5a1                udp_in
                0x000000000010e65a                udp_register
                0x000000000010e748                udp_recv
                0x000000000010e85f                udp_recvaddr
                0x000000000010e98d                udp_send
                0x000000000010eb08                udp_sendto
                0x000000000010ec58                udp_release
                0x000000000010ed14                udp_ntoh
                0x000000000010ed28                udp_hton
 .text          0x000000000010ed3c      0x105 binaries/addargs.o
                0x000000000010ed3c                addargs
 .text          0x000000000010ee41      0x1f8 binaries/lexan.o
                0x000000000010ee41                lexan
 .text          0x000000000010f039      0x640 binaries/shell.o
                0x000000000010f039                shell
 .text          0x000000000010f679       0x5b binaries/xsh_argecho.o
                0x000000000010f679                xsh_argecho
 .text          0x000000000010f6d4      0x1d6 binaries/xsh_arp.o
                0x000000000010f6d4                xsh_arp
 .text          0x000000000010f8aa      0x21f binaries/xsh_cat.o
                0x000000000010f8aa                xsh_cat
 .text          0x000000000010fac9       0x59 binaries/xsh_clear.o
                0x000000000010fac9                xsh_clear
 .text          0x000000000010fb22      0x2c4 binaries/xsh_date.o
                0x000000000010fb22                xsh_date
 .text          0x000000000010fde6       0x90 binaries/xsh_devdump.o
                0x000000000010fde6                xsh_devdump
 .text          0x000000000010fe76       0x60 binaries/xsh_echo.o
                0x000000000010fe76                xsh_echo
 .text          0x000000000010fed6        0x6 binaries/xsh_exit.o
                0x000000000010fed6                xsh_exit
 .text          0x000000000010fedc      0x32b binaries/xsh_help.o
                0x000000000010fedc                xsh_help
 .text          0x0000000000110207      0x431 binaries/xsh_ipaddr.o
                0x0000000000110207                xsh_ipaddr
 .text          0x0000000000110638      0x1fe binaries/xsh_kill.o
                0x0000000000110638                xsh_kill
 .text          0x0000000000110836      0x401 binaries/xsh_memdump.o
                0x00000000001108ec                xsh_memdump
 .text          0x0000000000110c37      0x1fe binaries/xsh_memstat.o
                0x0000000000110c37                xsh_memstat
 .text          0x0000000000110e35      0x328 binaries/xsh_ping.o
                0x0000000000110e35                xsh_ping
 .text          0x000000000011115d      0x200 binaries/xsh_ps.o
                0x000000000011115d                xsh_ps
 .text          0x000000000011135d      0x1ed binaries/xsh_sleep.o
                0x000000000011135d                xsh_sleep
 .text          0x000000000011154a      0x22e binaries/xsh_udpdump.o
                0x000000000011154a                xsh_udpdump
 .text          0x0000000000111778      0x458 binaries/xsh_udpecho.o
                0x0000000000111778                xsh_udpecho
 .text          0x0000000000111bd0      0x28d binaries/xsh_udpeserver.o
                0x0000000000111bd0                xsh_udpeserver
 .text          0x0000000000111e5d      0x1c8 binaries/xsh_uptime.o
                0x0000000000111e5d                xsh_uptime
 .text          0x0000000000112025        0xe binaries/clkdisp.o
                0x0000000000112025                clkdisp
 .text          0x0000000000112033       0x19 binaries/ctxsw.o
                0x0000000000112033                ctxsw
 .text          0x000000000011204c        0xf binaries/host2netl_asm.o
                0x000000000011204c                host2netl_asm
 .text          0x000000000011205b      0x36b binaries/intr.o
                0x000000000011205b                disable
                0x0000000000112064                restore
                0x0000000000112072                enable
                0x0000000000112074                pause
                0x000000000011207b                halt
                0x0000000000112081                spurious_irq7
                0x0000000000112086                spurious_irq15
                0x0000000000112095                _Xint0
                0x00000000001120a0                _Xint1
                0x00000000001120ab                _Xint2
                0x00000000001120b6                _Xint3
                0x00000000001120c1                _Xint4
                0x00000000001120cc                _Xint5
                0x00000000001120d7                _Xint6
                0x00000000001120e2                _Xint7
                0x00000000001120ed                _Xint8
                0x00000000001120f8                _Xint9
                0x0000000000112103                _Xint10
                0x000000000011210e                _Xint11
                0x000000000011211c                _Xint12
                0x000000000011212a                _Xint13
                0x0000000000112138                _Xint14
                0x0000000000112146                _Xint15
                0x0000000000112154                _Xint16
                0x0000000000112162                _Xint17
                0x0000000000112170                _Xint18
                0x000000000011217e                _Xint19
                0x000000000011218c                _Xint20
                0x000000000011219a                _Xint21
                0x00000000001121a8                _Xint22
                0x00000000001121b6                _Xint23
                0x00000000001121c4                _Xint24
                0x00000000001121d2                _Xint25
                0x00000000001121e0                _Xint26
                0x00000000001121ee                _Xint27
                0x00000000001121fc                _Xint28
                0x000000000011220a                _Xint29
                0x0000000000112218                _Xint30
                0x0000000000112226                _Xint31
                0x0000000000112234                _Xint32
                0x0000000000112242                _Xint33
                0x0000000000112250                _Xint34
                0x000000000011225e                _Xint35
                0x000000000011226c                _Xint36
                0x000000000011227a                _Xint37
                0x0000000000112288                _Xint38
                0x0000000000112296                _Xint39
                0x00000000001122a4                _Xint40
                0x00000000001122b2                _Xint41
                0x00000000001122c0                _Xint42
                0x00000000001122ce                _Xint43
                0x00000000001122dc                _Xint44
                0x00000000001122ea                _Xint45
                0x00000000001122f8                _Xint46
                0x0000000000112306                defevec
 .text          0x00000000001123c6        0xf binaries/net2hostl_asm.o
                0x00000000001123c6                net2hostl_asm
 .text          0x00000000001123d5        0xf binaries/ttydispatch.o
                0x00000000001123d5                ttydispatch
 .text          0x00000000001123e4       0x13 binaries/ethdispatch.o
                0x00000000001123e4                ethdispatch
 *(.rodata .rodata.*)
 .rodata.str1.1
                0x00000000001123f7       0x54 binaries/ascdate.o
 *fill*         0x000000000011244b        0x1 
 .rodata.str1.4
                0x000000000011244c       0x22 binaries/ascdate.o
 .rodata.str1.1
                0x000000000011246e       0x5f binaries/conf.o
 *fill*         0x00000000001124cd        0x3 
 .rodata.str1.4
                0x00000000001124d0      0x11a binaries/cpuintensive.o
 *fill*         0x00000000001125ea        0x2 
 .rodata.str1.4
                0x00000000001125ec       0x4f binaries/early_imr.o
 .rodata        0x000000000011263b       0x30 binaries/early_imr.o
 .rodata.str1.1
                0x000000000011266b      0x20c binaries/evec.o
 *fill*         0x0000000000112877        0x1 
 .rodata.str1.4
                0x0000000000112878       0x23 binaries/evec.o
 .rodata.str1.1
                0x000000000011289b        0xb binaries/getutime.o
 *fill*         0x00000000001128a6        0x2 
 .rodata.str1.4
                0x00000000001128a8       0x54 binaries/getutime.o
 .rodata.str1.1
                0x00000000001128fc       0x63 binaries/initialize.o
                                         0x67 (size before relaxing)
 *fill*         0x000000000011295f        0x1 
 .rodata.str1.4
                0x0000000000112960       0xd4 binaries/initialize.o
 .rodata.str1.4
                0x0000000000112a34      0x107 binaries/iointensive.o
 *fill*         0x0000000000112b3b        0x1 
 .rodata        0x0000000000112b3c       0x20 binaries/kill.o
 .rodata.str1.1
                0x0000000000112b5c      0x10d binaries/main.o
 *fill*         0x0000000000112c69        0x3 
 .rodata.str1.4
                0x0000000000112c6c      0x22f binaries/main.o
 *fill*         0x0000000000112e9b        0x1 
 .rodata.str1.4
                0x0000000000112e9c       0x23 binaries/meminit.o
 .rodata.str1.1
                0x0000000000112ebf       0x1b binaries/meminit.o
 *fill*         0x0000000000112eda        0x2 
 .rodata.str1.4
                0x0000000000112edc       0x8c binaries/myProgA.o
 .rodata.str1.1
                0x0000000000112f68       0x48 binaries/mydeadlocktest.o
 .rodata.str1.4
                0x0000000000112fb0       0x47 binaries/myfuncA.o
                                         0x94 (size before relaxing)
 .rodata.str1.1
                0x0000000000112ff7       0x18 binaries/myperiodicrtapp.o
 *fill*         0x000000000011300f        0x1 
 .rodata        0x0000000000113010       0x32 binaries/myperiodicrtapp.o
 *fill*         0x0000000000113042        0x2 
 .rodata.cst4   0x0000000000113044        0x8 binaries/newqueue.o
 .rodata.str1.1
                0x000000000011304c        0xf binaries/panic.o
 .rodata.str1.1
                0x0000000000000000        0xf binaries/printloop.o
                                          0x3 (size before relaxing)
 .rodata.str1.1
                0x000000000011305b       0x5d binaries/printprocstks.o
 .rodata.str1.4
                0x00000000001130b8      0x1eb binaries/printsegaddress.o
 .rodata.str1.1
                0x00000000001132a3       0x1c binaries/ptinit.o
 *fill*         0x00000000001132bf        0x1 
 .rodata.str1.4
                0x00000000001132c0       0x25 binaries/ptsend.o
 .rodata.str1.1
                0x00000000001132e5       0x22 binaries/quark_pdat.o
 .rodata.str1.1
                0x0000000000113307       0x14 binaries/registercbsig.o
 *fill*         0x000000000011331b        0x1 
 .rodata.cst4   0x000000000011331c        0x8 binaries/rt_create.o
 .rodata.str1.4
                0x0000000000113324       0x1f binaries/sendb.o
 *fill*         0x0000000000113343        0x1 
 .rodata.str1.4
                0x0000000000113344       0x63 binaries/stacktrace.o
 .rodata.str1.1
                0x00000000001133a7       0x52 binaries/stacktrace.o
 .rodata.str1.1
                0x00000000001133f9       0x13 binaries/waitd.o
 .rodata.str1.4
                0x000000000011340c       0x27 binaries/xdone.o
 *fill*         0x0000000000113433        0xd 
 .rodata        0x0000000000113440       0x81 binaries/ctype_.o
                0x0000000000113440                _ctype_
 .rodata.str1.1
                0x00000000001134c1       0x29 binaries/doprnt.o
 *fill*         0x00000000001134ea        0x2 
 .rodata        0x00000000001134ec       0xc4 binaries/doprnt.o
 .rodata        0x00000000001135b0       0x98 binaries/doscan.o
 .rodata.cst4   0x0000000000113648        0x4 binaries/fabs.o
 .rodata.str1.1
                0x0000000000000000       0x29 binaries/fdoprnt.o
 .rodata        0x000000000011364c       0x84 binaries/fdoprnt.o
 .rodata.cst8   0x00000000001136d0        0x8 binaries/nthroot.o
 .rodata.cst4   0x0000000000000000        0x4 binaries/pow.o
 .rodata        0x00000000001136d8       0x20 binaries/ttycontrol.o
 .rodata.str1.4
                0x00000000001136f8       0x4c binaries/naminit.o
 .rodata.str1.1
                0x0000000000113744       0x32 binaries/naminit.o
                                         0x35 (size before relaxing)
 .rodata.str1.1
                0x0000000000113776       0x15 binaries/ethinit.o
 *fill*         0x000000000011378b        0x1 
 .rodata.str1.4
                0x000000000011378c       0x2e binaries/ethinit.o
 *fill*         0x00000000001137ba        0x2 
 .rodata.str1.4
                0x00000000001137bc       0x2c binaries/rdsbufalloc.o
 .rodata.str1.4
                0x00000000001137e8       0x76 binaries/rdscomm.o
 *fill*         0x000000000011385e        0x2 
 .rodata.str1.4
                0x0000000000113860       0x48 binaries/rdscontrol.o
 .rodata.str1.4
                0x00000000001138a8       0x7e binaries/rdsinit.o
 .rodata.str1.1
                0x0000000000113926       0x18 binaries/rdsinit.o
 *fill*         0x000000000011393e        0x2 
 .rodata.str1.4
                0x0000000000113940       0x22 binaries/rdsopen.o
 *fill*         0x0000000000113962        0x2 
 .rodata.str1.4
                0x0000000000113964       0x4d binaries/rdsprocess.o
 .rodata.str1.1
                0x00000000001139b1        0x9 binaries/raminit.o
 .rodata.str1.1
                0x00000000001139ba       0x13 binaries/lfdballoc.o
 *fill*         0x00000000001139cd        0x3 
 .rodata.str1.4
                0x00000000001139d0       0x23 binaries/lfdballoc.o
 .rodata.str1.1
                0x00000000001139f3       0x14 binaries/lfiballoc.o
 *fill*         0x0000000000113a07        0x1 
 .rodata.str1.4
                0x0000000000113a08       0x23 binaries/lflcontrol.o
 .rodata.str1.1
                0x0000000000113a2b       0x64 binaries/lfsckfmt.o
 *fill*         0x0000000000113a8f        0x1 
 .rodata.str1.4
                0x0000000000113a90       0x51 binaries/lfsckfmt.o
 *fill*         0x0000000000113ae1        0x3 
 .rodata.str1.4
                0x0000000000113ae4       0x21 binaries/rflread.o
 .rodata.str1.4
                0x0000000000000000       0x21 binaries/rflwrite.o
 *fill*         0x0000000000113b05        0x3 
 .rodata.str1.4
                0x0000000000113b08       0x75 binaries/rfscomm.o
 *fill*         0x0000000000113b7d        0x3 
 .rodata.str1.4
                0x0000000000113b80       0x23 binaries/rfscontrol.o
 *fill*         0x0000000000113ba3        0x1 
 .rodata        0x0000000000113ba4       0x18 binaries/rfscontrol.o
 .rodata.str1.1
                0x0000000000000000       0x10 binaries/rfsinit.o
 .rodata.str1.4
                0x0000000000113bbc       0x57 binaries/rfsinit.o
 *fill*         0x0000000000113c13        0x1 
 .rodata.str1.4
                0x0000000000113c14       0x2a binaries/rfsndmsg.o
 .rodata.str1.4
                0x0000000000000000       0x22 binaries/rfsopen.o
 .rodata.str1.1
                0x0000000000113c3e       0x19 binaries/arp.o
 *fill*         0x0000000000113c57        0x1 
 .rodata.str1.4
                0x0000000000113c58       0x21 binaries/arp.o
 *fill*         0x0000000000113c79        0x3 
 .rodata.str1.4
                0x0000000000113c7c       0xa6 binaries/dhcp.o
 .rodata.str1.1
                0x0000000000113d22       0x4a binaries/dhcp.o
 .rodata.str1.1
                0x0000000000113d6c       0x5a binaries/hexdump.o
                                         0x61 (size before relaxing)
 *fill*         0x0000000000113dc6        0x2 
 .rodata.str1.4
                0x0000000000113dc8       0x67 binaries/hexdump.o
 *fill*         0x0000000000113e2f        0x1 
 .rodata.str1.4
                0x0000000000113e30       0x29 binaries/icmp.o
 .rodata.str1.1
                0x0000000000113e59       0x4e binaries/ip.o
 *fill*         0x0000000000113ea7        0x1 
 .rodata.str1.4
                0x0000000000113ea8       0x20 binaries/ip.o
 .rodata.str1.4
                0x0000000000113ec8       0x28 binaries/net.o
 .rodata.str1.1
                0x0000000000113ef0       0x27 binaries/net.o
 *fill*         0x0000000000113f17        0x1 
 .rodata.str1.4
                0x0000000000113f18       0xcf binaries/netstart.o
 .rodata.str1.1
                0x0000000000113fe7      0x141 binaries/pdump.o
                                        0x14b (size before relaxing)
 .rodata.str1.4
                0x0000000000114128      0x126 binaries/pdump.o
 *fill*         0x000000000011424e        0x2 
 .rodata.str1.4
                0x0000000000114250      0x148 binaries/tftp.o
 .rodata.str1.1
                0x0000000000114398        0x6 binaries/tftp.o
                                          0xa (size before relaxing)
 .rodata.str1.1
                0x000000000011439e       0xe3 binaries/shell.o
                                         0xff (size before relaxing)
 *fill*         0x0000000000114481        0x3 
 .rodata.str1.4
                0x0000000000114484      0x1c4 binaries/shell.o
 *fill*         0x0000000000114648       0x18 
 .rodata        0x0000000000114660       0xfc binaries/shell.o
                0x0000000000114660                cmdtab
 .rodata.str1.1
                0x000000000011475c       0x26 binaries/xsh_argecho.o
                                         0x28 (size before relaxing)
 .rodata.str1.1
                0x0000000000114782       0x70 binaries/xsh_arp.o
                                         0x72 (size before relaxing)
 *fill*         0x00000000001147f2        0x2 
 .rodata.str1.4
                0x00000000001147f4       0xb4 binaries/xsh_arp.o
 .rodata.str1.1
                0x00000000001148a8       0x2d binaries/xsh_cat.o
                                         0x4f (size before relaxing)
 *fill*         0x00000000001148d5        0x3 
 .rodata.str1.4
                0x00000000001148d8       0x52 binaries/xsh_cat.o
                                         0x79 (size before relaxing)
 .rodata.str1.1
                0x000000000011492a       0x15 binaries/xsh_clear.o
 .rodata.str1.1
                0x000000000011493f       0x46 binaries/xsh_date.o
                                         0x5f (size before relaxing)
 *fill*         0x0000000000114985        0x3 
 .rodata.str1.4
                0x0000000000114988      0x163 binaries/xsh_date.o
 .rodata.str1.1
                0x0000000000114aeb       0x5d binaries/xsh_devdump.o
 .rodata.str1.1
                0x0000000000114b48        0x4 binaries/xsh_echo.o
                                          0x9 (size before relaxing)
 .rodata.str1.1
                0x0000000000114b4c       0x65 binaries/xsh_help.o
                                         0xa3 (size before relaxing)
 *fill*         0x0000000000114bb1        0x3 
 .rodata.str1.4
                0x0000000000114bb4       0x7c binaries/xsh_help.o
                                         0xc6 (size before relaxing)
 .rodata.str1.1
                0x0000000000114c30       0x9c binaries/xsh_ipaddr.o
                                         0xf8 (size before relaxing)
 .rodata.str1.4
                0x0000000000114ccc       0x4d binaries/xsh_ipaddr.o
                                         0x99 (size before relaxing)
 .rodata.str1.1
                0x0000000000114d19       0x78 binaries/xsh_kill.o
                                         0x97 (size before relaxing)
 *fill*         0x0000000000114d91        0x3 
 .rodata.str1.4
                0x0000000000114d94       0x4a binaries/xsh_kill.o
                                         0x96 (size before relaxing)
 .rodata.str1.1
                0x0000000000114dde       0x84 binaries/xsh_memdump.o
                                         0xa8 (size before relaxing)
 *fill*         0x0000000000114e62        0x2 
 .rodata.str1.4
                0x0000000000114e64      0x15a binaries/xsh_memdump.o
                                        0x1aa (size before relaxing)
 .rodata.str1.1
                0x0000000000114fbe       0x40 binaries/xsh_memstat.o
                                         0x79 (size before relaxing)
 *fill*         0x0000000000114ffe        0x2 
 .rodata.str1.4
                0x0000000000115000      0x187 binaries/xsh_memstat.o
                                        0x1af (size before relaxing)
 .rodata.str1.1
                0x0000000000115187       0x90 binaries/xsh_ping.o
                                         0xaf (size before relaxing)
 *fill*         0x0000000000115217        0x1 
 .rodata.str1.4
                0x0000000000115218       0x77 binaries/xsh_ping.o
                                         0xc6 (size before relaxing)
 .rodata.str1.1
                0x000000000011528f       0x74 binaries/xsh_ps.o
                                         0xd5 (size before relaxing)
 *fill*         0x0000000000115303        0x1 
 .rodata.str1.4
                0x0000000000115304       0x80 binaries/xsh_ps.o
                                         0xd0 (size before relaxing)
 *fill*         0x0000000000115384       0x1c 
 .rodata        0x00000000001153a0       0x20 binaries/xsh_ps.o
 .rodata.str1.1
                0x00000000001153c0       0x31 binaries/xsh_sleep.o
                                         0x72 (size before relaxing)
 *fill*         0x00000000001153f1        0x3 
 .rodata.str1.4
                0x00000000001153f4       0x2a binaries/xsh_sleep.o
                                         0x7a (size before relaxing)
 .rodata.str1.1
                0x000000000011541e       0x6b binaries/xsh_udpdump.o
                                         0xd2 (size before relaxing)
 *fill*         0x0000000000115489        0x3 
 .rodata.str1.4
                0x000000000011548c       0x94 binaries/xsh_udpdump.o
                                         0xe4 (size before relaxing)
 .rodata.str1.1
                0x0000000000115520       0xdb binaries/xsh_udpecho.o
                                         0xfa (size before relaxing)
 *fill*         0x00000000001155fb        0x1 
 .rodata.str1.4
                0x00000000001155fc       0xc7 binaries/xsh_udpecho.o
                                        0x116 (size before relaxing)
 .rodata.str1.1
                0x00000000001156c3       0x66 binaries/xsh_udpeserver.o
                                         0x8f (size before relaxing)
 *fill*         0x0000000000115729        0x3 
 .rodata.str1.4
                0x000000000011572c       0x29 binaries/xsh_udpeserver.o
                                         0x9f (size before relaxing)
 .rodata.str1.1
                0x0000000000115755       0x49 binaries/xsh_uptime.o
                                         0x8c (size before relaxing)
 *fill*         0x000000000011579e        0x2 
 .rodata.str1.4
                0x00000000001157a0       0x28 binaries/xsh_uptime.o
                                         0x76 (size before relaxing)
                0x00000000001157c8                etext = ABSOLUTE (.)
                0x0000000000116000                . = ALIGN (0x1000)
 *fill*         0x00000000001157c8      0x838 

.eh_frame       0x0000000000116000     0x36b8
 .eh_frame      0x0000000000116000       0x58 binaries/ascdate.o
 .eh_frame      0x0000000000116058       0x14 binaries/bufinit.o
                                         0x2c (size before relaxing)
 .eh_frame      0x000000000011606c       0x2c binaries/chprio.o
                                         0x44 (size before relaxing)
 .eh_frame      0x0000000000116098       0x18 binaries/clkhandler.o
                                         0x30 (size before relaxing)
 .eh_frame      0x00000000001160b0       0x18 binaries/clkinit.o
                                         0x30 (size before relaxing)
 .eh_frame      0x00000000001160c8       0x2c binaries/close.o
                                         0x44 (size before relaxing)
 .eh_frame      0x00000000001160f4       0x2c binaries/control.o
                                         0x44 (size before relaxing)
 .eh_frame      0x0000000000116120       0x40 binaries/cpuintensive.o
                                         0x58 (size before relaxing)
 .eh_frame      0x0000000000116160       0x40 binaries/create.o
                                         0x58 (size before relaxing)
 .eh_frame      0x00000000001161a0       0x34 binaries/cycle_detect.o
                                         0x4c (size before relaxing)
 .eh_frame      0x00000000001161d4       0x98 binaries/early_imr.o
                                         0xb0 (size before relaxing)
 .eh_frame      0x000000000011626c       0x94 binaries/evec.o
                                         0xac (size before relaxing)
 .eh_frame      0x0000000000116300       0x2c binaries/freebuf.o
                                         0x44 (size before relaxing)
 .eh_frame      0x000000000011632c       0x3c binaries/freemem.o
                                         0x54 (size before relaxing)
 .eh_frame      0x0000000000116368       0x3c binaries/getbuf.o
                                         0x54 (size before relaxing)
 .eh_frame      0x00000000001163a4       0x2c binaries/getc.o
                                         0x44 (size before relaxing)
 .eh_frame      0x00000000001163d0       0x3c binaries/getdev.o
                                         0x54 (size before relaxing)
 .eh_frame      0x000000000011640c       0x4c binaries/getitem.o
                                         0x64 (size before relaxing)
 .eh_frame      0x0000000000116458       0x2c binaries/getmem.o
                                         0x44 (size before relaxing)
 .eh_frame      0x0000000000116484       0x14 binaries/getpid.o
                                         0x2c (size before relaxing)
 .eh_frame      0x0000000000116498       0x24 binaries/getprio.o
                                         0x3c (size before relaxing)
 .eh_frame      0x00000000001164bc       0x3c binaries/getstk.o
                                         0x54 (size before relaxing)
 .eh_frame      0x00000000001164f8       0x18 binaries/gettime.o
                                         0x30 (size before relaxing)
 .eh_frame      0x0000000000116510       0x24 binaries/getutime.o
                                         0x3c (size before relaxing)
 .eh_frame      0x0000000000116534       0x2c binaries/init.o
                                         0x44 (size before relaxing)
 .eh_frame      0x0000000000116560       0x70 binaries/initialize.o
                                         0x88 (size before relaxing)
 .eh_frame      0x00000000001165d0       0x38 binaries/insert.o
                                         0x50 (size before relaxing)
 .eh_frame      0x0000000000116608       0x24 binaries/insert_real.o
                                         0x3c (size before relaxing)
 .eh_frame      0x000000000011662c       0x38 binaries/insertd.o
                                         0x50 (size before relaxing)
 .eh_frame      0x0000000000116664       0x14 binaries/ioerr.o
                                         0x2c (size before relaxing)
 .eh_frame      0x0000000000116678       0x3c binaries/iointensive.o
                                         0x54 (size before relaxing)
 .eh_frame      0x00000000001166b4       0x14 binaries/ionull.o
                                         0x2c (size before relaxing)
 .eh_frame      0x00000000001166c8       0x40 binaries/kill.o
                                         0x58 (size before relaxing)
 .eh_frame      0x0000000000116708       0x58 binaries/kprintf.o
                                         0x70 (size before relaxing)
 .eh_frame      0x0000000000116760      0x15c binaries/main.o
                                        0x174 (size before relaxing)
 .eh_frame      0x00000000001168bc       0x3c binaries/mark.o
                                         0x54 (size before relaxing)
 .eh_frame      0x00000000001168f8       0x58 binaries/meminit.o
                                         0x70 (size before relaxing)
 .eh_frame      0x0000000000116950       0x40 binaries/mkbufpool.o
                                         0x58 (size before relaxing)
 .eh_frame      0x0000000000116990       0x34 binaries/myProgA.o
                                         0x4c (size before relaxing)
 .eh_frame      0x00000000001169c4       0x2c binaries/mydeadlocktest.o
                                         0x44 (size before relaxing)
 .eh_frame      0x00000000001169f0       0x34 binaries/myfuncA.o
                                         0x4c (size before relaxing)
 .eh_frame      0x0000000000116a24       0x40 binaries/myperiodicrtapp.o
                                         0x58 (size before relaxing)
 .eh_frame      0x0000000000116a64       0x30 binaries/newqueue.o
                                         0x48 (size before relaxing)
 .eh_frame      0x0000000000116a94       0x2c binaries/open.o
                                         0x44 (size before relaxing)
 .eh_frame      0x0000000000116ac0       0x14 binaries/panic.o
                                         0x2c (size before relaxing)
 .eh_frame      0x0000000000116ad4       0xe0 binaries/pci.o
                                         0xf8 (size before relaxing)
 .eh_frame      0x0000000000116bb4       0x18 binaries/platinit.o
                                         0x30 (size before relaxing)
 .eh_frame      0x0000000000116bcc       0x2c binaries/printloop.o
                                         0x44 (size before relaxing)
 .eh_frame      0x0000000000116bf8       0x34 binaries/printprocstks.o
                                         0x4c (size before relaxing)
 .eh_frame      0x0000000000116c2c       0x24 binaries/printsegaddress.o
                                         0x3c (size before relaxing)
 .eh_frame      0x0000000000116c50       0x3c binaries/ptclear.o
                                         0x54 (size before relaxing)
 .eh_frame      0x0000000000116c8c       0x34 binaries/ptcount.o
                                         0x4c (size before relaxing)
 .eh_frame      0x0000000000116cc0       0x3c binaries/ptcreate.o
                                         0x54 (size before relaxing)
 .eh_frame      0x0000000000116cfc       0x2c binaries/ptdelete.o
                                         0x44 (size before relaxing)
 .eh_frame      0x0000000000116d28       0x2c binaries/ptinit.o
                                         0x44 (size before relaxing)
 .eh_frame      0x0000000000116d54       0x3c binaries/ptrecv.o
                                         0x54 (size before relaxing)
 .eh_frame      0x0000000000116d90       0x2c binaries/ptreset.o
                                         0x44 (size before relaxing)
 .eh_frame      0x0000000000116dbc       0x34 binaries/ptsend.o
                                         0x4c (size before relaxing)
 .eh_frame      0x0000000000116df0       0x34 binaries/putc.o
                                         0x4c (size before relaxing)
 .eh_frame      0x0000000000116e24       0x24 binaries/quark_irq.o
                                         0x3c (size before relaxing)
 .eh_frame      0x0000000000116e48       0x60 binaries/quark_pdat.o
                                         0x78 (size before relaxing)
 .eh_frame      0x0000000000116ea8       0x3c binaries/queue.o
                                         0x54 (size before relaxing)
 .eh_frame      0x0000000000116ee4       0x2c binaries/read.o
                                         0x44 (size before relaxing)
 .eh_frame      0x0000000000116f10       0x18 binaries/ready.o
                                         0x30 (size before relaxing)
 .eh_frame      0x0000000000116f28       0x3c binaries/receive.o
                                         0x54 (size before relaxing)
 .eh_frame      0x0000000000116f64       0x20 binaries/recvclr.o
                                         0x38 (size before relaxing)
 .eh_frame      0x0000000000116f84       0x3c binaries/recvtime.o
                                         0x54 (size before relaxing)
 .eh_frame      0x0000000000116fc0       0x2c binaries/registercb.o
                                         0x44 (size before relaxing)
 .eh_frame      0x0000000000116fec       0x34 binaries/registercbsig.o
                                         0x4c (size before relaxing)
 .eh_frame      0x0000000000117020       0x44 binaries/resched.o
                                         0x5c (size before relaxing)
 .eh_frame      0x0000000000117064       0x34 binaries/resume.o
                                         0x4c (size before relaxing)
 .eh_frame      0x0000000000117098       0x40 binaries/rt_create.o
                                         0x58 (size before relaxing)
 .eh_frame      0x00000000001170d8       0x2c binaries/seek.o
                                         0x44 (size before relaxing)
 .eh_frame      0x0000000000117104       0x24 binaries/semcount.o
                                         0x3c (size before relaxing)
 .eh_frame      0x0000000000117128       0x3c binaries/semcreate.o
                                         0x54 (size before relaxing)
 .eh_frame      0x0000000000117164       0x2c binaries/semdelete.o
                                         0x44 (size before relaxing)
 .eh_frame      0x0000000000117190       0x3c binaries/semreset.o
                                         0x54 (size before relaxing)
 .eh_frame      0x00000000001171cc       0x2c binaries/send.o
                                         0x44 (size before relaxing)
 .eh_frame      0x00000000001171f8       0x40 binaries/sendb.o
                                         0x58 (size before relaxing)
 .eh_frame      0x0000000000117238       0x2c binaries/signal.o
                                         0x44 (size before relaxing)
 .eh_frame      0x0000000000117264       0x34 binaries/signaln.o
                                         0x4c (size before relaxing)
 .eh_frame      0x0000000000117298       0x44 binaries/sleep.o
                                         0x5c (size before relaxing)
 .eh_frame      0x00000000001172dc       0x40 binaries/stacktrace.o
                                         0x58 (size before relaxing)
 .eh_frame      0x000000000011731c       0x3c binaries/suspend.o
                                         0x54 (size before relaxing)
 .eh_frame      0x0000000000117358       0x2c binaries/unsleep.o
                                         0x44 (size before relaxing)
 .eh_frame      0x0000000000117384       0x18 binaries/userret.o
                                         0x30 (size before relaxing)
 .eh_frame      0x000000000011739c       0x2c binaries/wait.o
                                         0x44 (size before relaxing)
 .eh_frame      0x00000000001173c8       0x34 binaries/waitd.o
                                         0x4c (size before relaxing)
 .eh_frame      0x00000000001173fc       0x18 binaries/wakeup.o
                                         0x30 (size before relaxing)
 .eh_frame      0x0000000000117414       0x2c binaries/write.o
                                         0x44 (size before relaxing)
 .eh_frame      0x0000000000117440       0x18 binaries/xdone.o
                                         0x30 (size before relaxing)
 .eh_frame      0x0000000000117458       0x20 binaries/yield.o
                                         0x38 (size before relaxing)
 .eh_frame      0x0000000000117478       0x14 binaries/abs.o
                                         0x2c (size before relaxing)
 .eh_frame      0x000000000011748c       0x24 binaries/atoi.o
                                         0x3c (size before relaxing)
 .eh_frame      0x00000000001174b0       0x24 binaries/atol.o
                                         0x3c (size before relaxing)
 .eh_frame      0x00000000001174d4       0x14 binaries/bzero.o
                                         0x2c (size before relaxing)
 .eh_frame      0x00000000001174e8       0xd4 binaries/doprnt.o
                                         0xec (size before relaxing)
 .eh_frame      0x00000000001175bc       0x40 binaries/doscan.o
                                         0x58 (size before relaxing)
 .eh_frame      0x00000000001175fc       0x14 binaries/fabs.o
                                         0x2c (size before relaxing)
 .eh_frame      0x0000000000117610       0x7c binaries/fdoprnt.o
                                         0x94 (size before relaxing)
 .eh_frame      0x000000000011768c       0x18 binaries/fgetc.o
                                         0x30 (size before relaxing)
 .eh_frame      0x00000000001176a4       0x3c binaries/fgets.o
                                         0x54 (size before relaxing)
 .eh_frame      0x00000000001176e0       0x18 binaries/fprintf.o
                                         0x30 (size before relaxing)
 .eh_frame      0x00000000001176f8       0x18 binaries/fputc.o
                                         0x30 (size before relaxing)
 .eh_frame      0x0000000000117710       0x2c binaries/fputs.o
                                         0x44 (size before relaxing)
 .eh_frame      0x000000000011773c       0x4c binaries/fscanf.o
                                         0x64 (size before relaxing)
 .eh_frame      0x0000000000117788       0x18 binaries/getchar.o
                                         0x30 (size before relaxing)
 .eh_frame      0x00000000001177a0       0x14 binaries/labs.o
                                         0x2c (size before relaxing)
 .eh_frame      0x00000000001177b4       0x14 binaries/memchr.o
                                         0x2c (size before relaxing)
 .eh_frame      0x00000000001177c8       0x24 binaries/memcmp.o
                                         0x3c (size before relaxing)
 .eh_frame      0x00000000001177ec       0x24 binaries/memcpy.o
                                         0x3c (size before relaxing)
 .eh_frame      0x0000000000117810       0x1c binaries/memset.o
                                         0x34 (size before relaxing)
 .eh_frame      0x000000000011782c       0x54 binaries/nthroot.o
                                         0x6c (size before relaxing)
 .eh_frame      0x0000000000117880       0x18 binaries/pow.o
                                         0x30 (size before relaxing)
 .eh_frame      0x0000000000117898       0x18 binaries/printf.o
                                         0x30 (size before relaxing)
 .eh_frame      0x00000000001178b0       0x18 binaries/putchar.o
                                         0x30 (size before relaxing)
 .eh_frame      0x00000000001178c8       0xa8 binaries/qsort.o
                                         0xc0 (size before relaxing)
 .eh_frame      0x0000000000117970       0x28 binaries/rand.o
                                         0x40 (size before relaxing)
 .eh_frame      0x0000000000117998       0x3c binaries/sprintf.o
                                         0x54 (size before relaxing)
 .eh_frame      0x00000000001179d4       0x40 binaries/sscanf.o
                                         0x58 (size before relaxing)
 .eh_frame      0x0000000000117a14       0x1c binaries/strchr.o
                                         0x34 (size before relaxing)
 .eh_frame      0x0000000000117a30       0x1c binaries/strcmp.o
                                         0x34 (size before relaxing)
 .eh_frame      0x0000000000117a4c       0x14 binaries/strcpy.o
                                         0x2c (size before relaxing)
 .eh_frame      0x0000000000117a60       0x14 binaries/strlen.o
                                         0x2c (size before relaxing)
 .eh_frame      0x0000000000117a74       0x2c binaries/strncat.o
                                         0x44 (size before relaxing)
 .eh_frame      0x0000000000117aa0       0x1c binaries/strncmp.o
                                         0x34 (size before relaxing)
 .eh_frame      0x0000000000117abc       0x30 binaries/strncpy.o
                                         0x48 (size before relaxing)
 .eh_frame      0x0000000000117aec       0x14 binaries/strnlen.o
                                         0x2c (size before relaxing)
 .eh_frame      0x0000000000117b00       0x1c binaries/strrchr.o
                                         0x34 (size before relaxing)
 .eh_frame      0x0000000000117b1c       0x38 binaries/strstr.o
                                         0x50 (size before relaxing)
 .eh_frame      0x0000000000117b54       0x2c binaries/ttycontrol.o
                                         0x44 (size before relaxing)
 .eh_frame      0x0000000000117b80       0x2c binaries/ttygetc.o
                                         0x44 (size before relaxing)
 .eh_frame      0x0000000000117bac       0x9c binaries/ttyhandle_in.o
                                         0xb4 (size before relaxing)
 .eh_frame      0x0000000000117c48       0x40 binaries/ttyhandle_out.o
                                         0x58 (size before relaxing)
 .eh_frame      0x0000000000117c88       0x2c binaries/ttyhandler.o
                                         0x44 (size before relaxing)
 .eh_frame      0x0000000000117cb4       0x2c binaries/ttyinit.o
                                         0x44 (size before relaxing)
 .eh_frame      0x0000000000117ce0       0x14 binaries/ttykickout.o
                                         0x2c (size before relaxing)
 .eh_frame      0x0000000000117cf4       0x34 binaries/ttyputc.o
                                         0x4c (size before relaxing)
 .eh_frame      0x0000000000117d28       0x3c binaries/ttyread.o
                                         0x54 (size before relaxing)
 .eh_frame      0x0000000000117d64       0x34 binaries/ttywrite.o
                                         0x4c (size before relaxing)
 .eh_frame      0x0000000000117d98       0x50 binaries/mount.o
                                         0x68 (size before relaxing)
 .eh_frame      0x0000000000117de8       0x40 binaries/naminit.o
                                         0x58 (size before relaxing)
 .eh_frame      0x0000000000117e28       0xa4 binaries/nammap.o
                                         0xbc (size before relaxing)
 .eh_frame      0x0000000000117ecc       0x1c binaries/namopen.o
                                         0x34 (size before relaxing)
 .eh_frame      0x0000000000117ee8       0x3c binaries/colon2mac.o
                                         0x54 (size before relaxing)
 .eh_frame      0x0000000000117f24       0x18 binaries/ethcontrol.o
                                         0x30 (size before relaxing)
 .eh_frame      0x0000000000117f3c       0x3c binaries/ethhandler.o
                                         0x54 (size before relaxing)
 .eh_frame      0x0000000000117f78       0x94 binaries/ethinit.o
                                         0xac (size before relaxing)
 .eh_frame      0x000000000011800c       0x68 binaries/ethmcast.o
                                         0x80 (size before relaxing)
 .eh_frame      0x0000000000118074       0x40 binaries/ethread.o
                                         0x58 (size before relaxing)
 .eh_frame      0x00000000001180b4       0x3c binaries/ethwrite.o
                                         0x54 (size before relaxing)
 .eh_frame      0x00000000001180f0       0x24 binaries/rdsbufalloc.o
                                         0x3c (size before relaxing)
 .eh_frame      0x0000000000118114       0x30 binaries/rdsclose.o
                                         0x48 (size before relaxing)
 .eh_frame      0x0000000000118144       0x40 binaries/rdscomm.o
                                         0x58 (size before relaxing)
 .eh_frame      0x0000000000118184       0x2c binaries/rdscontrol.o
                                         0x44 (size before relaxing)
 .eh_frame      0x00000000001181b0       0x40 binaries/rdsinit.o
                                         0x58 (size before relaxing)
 .eh_frame      0x00000000001181f0       0x40 binaries/rdsopen.o
                                         0x58 (size before relaxing)
 .eh_frame      0x0000000000118230       0x2c binaries/rdsprocess.o
                                         0x44 (size before relaxing)
[...]
 .comment       0x0000000000000000       0x2b binaries/xsh_udpeserver.o
 .comment       0x0000000000000000       0x2b binaries/xsh_uptime.o

.note.GNU-stack
                0x0000000000000000        0x0
 .note.GNU-stack
                0x0000000000000000        0x0 binaries/ascdate.o
 .note.GNU-stack
                0x0000000000000000        0x0 binaries/bufinit.o
 .note.GNU-stack
                0x0000000000000000        0x0 binaries/chprio.o
 .note.GNU-stack
                0x0000000000000000        0x0 binaries/clkhandler.o
 .note.GNU-stack
                0x0000000000000000        0x0 binaries/clkinit.o
 .note.GNU-stack
                0x0000000000000000        0x0 binaries/close.o
 .note.GNU-stack
                0x0000000000000000        0x0 binaries/conf.o
 .note.GNU-stack
                0x0000000000000000        0x0 binaries/control.o
 .note.GNU-stack
                0x0000000000000000        0x0 binaries/cpuintensive.o
 .note.GNU-stack
                0x0000000000000000        0x0 binaries/create.o
 .note.GNU-stack
                0x0000000000000000        0x0 binaries/cycle_detect.o
 .note.GNU-stack
                0x0000000000000000        0x0 binaries/early_imr.o
 .note.GNU-stack
                0x0000000000000000        0x0 binaries/evec.o
 .note.GNU-stack
                0x0000000000000000        0x0 binaries/freebuf.o
 .note.GNU-stack
                0x0000000000000000        0x0 binaries/freemem.o
 .note.GNU-stack
                0x0000000000000000        0x0 binaries/getbuf.o
 .note.GNU-stack
                0x0000000000000000        0x0 binaries/getc.o
 .note.GNU-stack
                0x0000000000000000        0x0 binaries/getdev.o
 .note.GNU-stack
                0x0000000000000000        0x0 binaries/getitem.o
 .note.GNU-stack
                0x0000000000000000        0x0 binaries/getmem.o
 .note.GNU-stack
                0x0000000000000000        0x0 binaries/getpid.o
 .note.GNU-stack
                0x0000000000000000        0x0 binaries/getprio.o
 .note.GNU-stack
                0x0000000000000000        0x0 binaries/getstk.o
 .note.GNU-stack
                0x0000000000000000        0x0 binaries/gettime.o
 .note.GNU-stack
                0x0000000000000000        0x0 binaries/getutime.o
 .note.GNU-stack
                0x0000000000000000        0x0 binaries/init.o
 .note.GNU-stack
                0x0000000000000000        0x0 binaries/initialize.o
 .note.GNU-stack
                0x0000000000000000        0x0 binaries/insert.o
 .note.GNU-stack
                0x0000000000000000        0x0 binaries/insert_real.o
 .note.GNU-stack
                0x0000000000000000        0x0 binaries/insertd.o
 .note.GNU-stack
                0x0000000000000000        0x0 binaries/ioerr.o
 .note.GNU-stack
                0x0000000000000000        0x0 binaries/iointensive.o
 .note.GNU-stack
                0x0000000000000000        0x0 binaries/ionull.o
 .note.GNU-stack
                0x0000000000000000        0x0 binaries/kill.o
 .note.GNU-stack
                0x0000000000000000        0x0 binaries/kprintf.o
 .note.GNU-stack
                0x0000000000000000        0x0 binaries/main.o
 .note.GNU-stack
                0x0000000000000000        0x0 binaries/mark.o
 .note.GNU-stack
                0x0000000000000000        0x0 binaries/meminit.o
 .note.GNU-stack
                0x0000000000000000        0x0 binaries/mkbufpool.o
 .note.GNU-stack
                0x0000000000000000        0x0 binaries/myProgA.o
 .note.GNU-stack
                0x0000000000000000        0x0 binaries/mydeadlocktest.o
 .note.GNU-stack
                0x0000000000000000        0x0 binaries/myfuncA.o
 .note.GNU-stack
                0x0000000000000000        0x0 binaries/myperiodicrtapp.o
 .note.GNU-stack
                0x0000000000000000        0x0 binaries/newqueue.o
 .note.GNU-stack
                0x0000000000000000        0x0 binaries/open.o
 .note.GNU-stack
                0x0000000000000000        0x0 binaries/panic.o
 .note.GNU-stack
                0x0000000000000000        0x0 binaries/pci.o
 .note.GNU-stack
                0x0000000000000000        0x0 binaries/platinit.o
 .note.GNU-stack
                0x0000000000000000        0x0 binaries/printloop.o
 .note.GNU-stack
                0x0000000000000000        0x0 binaries/printprocstks.o
 .note.GNU-stack
                0x0000000000000000        0x0 binaries/printsegaddress.o
 .note.GNU-stack
                0x0000000000000000        0x0 binaries/ptclear.o
 .note.GNU-stack
                0x0000000000000000        0x0 binaries/ptcount.o
 .note.GNU-stack
                0x0000000000000000        0x0 binaries/ptcreate.o
 .note.GNU-stack
                0x0000000000000000        0x0 binaries/ptdelete.o
 .note.GNU-stack
                0x0000000000000000        0x0 binaries/ptinit.o
 .note.GNU-stack
                0x0000000000000000        0x0 binaries/ptrecv.o
 .note.GNU-stack
                0x0000000000000000        0x0 binaries/ptreset.o
 .note.GNU-stack
                0x0000000000000000        0x0 binaries/ptsend.o
 .note.GNU-stack
                0x0000000000000000        0x0 binaries/putc.o
 .note.GNU-stack
                0x0000000000000000        0x0 binaries/quark_irq.o
 .note.GNU-stack
                0x0000000000000000        0x0 binaries/quark_pdat.o
 .note.GNU-stack
                0x0000000000000000        0x0 binaries/queue.o
 .note.GNU-stack
                0x0000000000000000        0x0 binaries/read.o
 .note.GNU-stack
                0x0000000000000000        0x0 binaries/ready.o
 .note.GNU-stack
                0x0000000000000000        0x0 binaries/receive.o
 .note.GNU-stack
                0x0000000000000000        0x0 binaries/recvclr.o
 .note.GNU-stack
                0x0000000000000000        0x0 binaries/recvtime.o
 .note.GNU-stack
                0x0000000000000000        0x0 binaries/registercb.o
 .note.GNU-stack
                0x0000000000000000        0x0 binaries/registercbsig.o
 .note.GNU-stack
                0x0000000000000000        0x0 binaries/resched.o
 .note.GNU-stack
                0x0000000000000000        0x0 binaries/resume.o
 .note.GNU-stack
                0x0000000000000000        0x0 binaries/rogueB.o
 .note.GNU-stack
                0x0000000000000000        0x0 binaries/rogueB2.o
 .note.GNU-stack
                0x0000000000000000        0x0 binaries/rt_create.o
 .note.GNU-stack
                0x0000000000000000        0x0 binaries/seek.o
 .note.GNU-stack
                0x0000000000000000        0x0 binaries/semcount.o
 .note.GNU-stack
                0x0000000000000000        0x0 binaries/semcreate.o
 .note.GNU-stack
                0x0000000000000000        0x0 binaries/semdelete.o
 .note.GNU-stack
                0x0000000000000000        0x0 binaries/semreset.o
 .note.GNU-stack
                0x0000000000000000        0x0 binaries/send.o
 .note.GNU-stack
                0x0000000000000000        0x0 binaries/sendb.o
 .note.GNU-stack
                0x0000000000000000        0x0 binaries/signal.o
 .note.GNU-stack
                0x0000000000000000        0x0 binaries/signaln.o
 .note.GNU-stack
                0x0000000000000000        0x0 binaries/sleep.o
 .note.GNU-stack
                0x0000000000000000        0x0 binaries/someprogA.o
 .note.GNU-stack
                0x0000000000000000        0x0 binaries/someprogB.o
 .note.GNU-stack
                0x0000000000000000        0x0 binaries/stacktrace.o
 .note.GNU-stack
                0x0000000000000000        0x0 binaries/suspend.o
 .note.GNU-stack
                0x0000000000000000        0x0 binaries/unsleep.o
 .note.GNU-stack
                0x0000000000000000        0x0 binaries/userret.o
 .note.GNU-stack
                0x0000000000000000        0x0 binaries/wait.o
 .note.GNU-stack
                0x0000000000000000        0x0 binaries/waitd.o
 .note.GNU-stack
                0x0000000000000000        0x0 binaries/wakeup.o
 .note.GNU-stack
                0x0000000000000000        0x0 binaries/write.o
 .note.GNU-stack
                0x0000000000000000        0x0 binaries/xdone.o
 .note.GNU-stack
                0x0000000000000000        0x0 binaries/yield.o
 .note.GNU-stack
                0x0000000000000000        0x0 binaries/abs.o
 .note.GNU-stack
                0x0000000000000000        0x0 binaries/atoi.o
 .note.GNU-stack
                0x0000000000000000        0x0 binaries/atol.o
 .note.GNU-stack
                0x0000000000000000        0x0 binaries/bzero.o
 .note.GNU-stack
                0x0000000000000000        0x0 binaries/ctype_.o
 .note.GNU-stack
                0x0000000000000000        0x0 binaries/doprnt.o
 .note.GNU-stack
                0x0000000000000000        0x0 binaries/doscan.o
 .note.GNU-stack
                0x0000000000000000        0x0 binaries/fabs.o
 .note.GNU-stack
                0x0000000000000000        0x0 binaries/fdoprnt.o
 .note.GNU-stack
                0x0000000000000000        0x0 binaries/fgetc.o
 .note.GNU-stack
                0x0000000000000000        0x0 binaries/fgets.o
 .note.GNU-stack
                0x0000000000000000        0x0 binaries/fprintf.o
 .note.GNU-stack
                0x0000000000000000        0x0 binaries/fputc.o
 .note.GNU-stack
                0x0000000000000000        0x0 binaries/fputs.o
 .note.GNU-stack
                0x0000000000000000        0x0 binaries/fscanf.o
 .note.GNU-stack
                0x0000000000000000        0x0 binaries/getchar.o
 .note.GNU-stack
                0x0000000000000000        0x0 binaries/labs.o
 .note.GNU-stack
                0x0000000000000000        0x0 binaries/memchr.o
 .note.GNU-stack
                0x0000000000000000        0x0 binaries/memcmp.o
 .note.GNU-stack
                0x0000000000000000        0x0 binaries/memcpy.o
 .note.GNU-stack
                0x0000000000000000        0x0 binaries/memset.o
 .note.GNU-stack
                0x0000000000000000        0x0 binaries/nthroot.o
 .note.GNU-stack
                0x0000000000000000        0x0 binaries/pow.o
 .note.GNU-stack
                0x0000000000000000        0x0 binaries/printf.o
 .note.GNU-stack
                0x0000000000000000        0x0 binaries/putchar.o
 .note.GNU-stack
                0x0000000000000000        0x0 binaries/qsort.o
 .note.GNU-stack
                0x0000000000000000        0x0 binaries/rand.o
 .note.GNU-stack
                0x0000000000000000        0x0 binaries/sprintf.o
 .note.GNU-stack
                0x0000000000000000        0x0 binaries/sscanf.o
 .note.GNU-stack
                0x0000000000000000        0x0 binaries/strchr.o
 .note.GNU-stack
                0x0000000000000000        0x0 binaries/strcmp.o
 .note.GNU-stack
                0x0000000000000000        0x0 binaries/strcpy.o
 .note.GNU-stack
                0x0000000000000000        0x0 binaries/strlen.o
 .note.GNU-stack
                0x0000000000000000        0x0 binaries/strncat.o
 .note.GNU-stack
                0x0000000000000000        0x0 binaries/strncmp.o
 .note.GNU-stack
                0x0000000000000000        0x0 binaries/strncpy.o
 .note.GNU-stack
                0x0000000000000000        0x0 binaries/strnlen.o
 .note.GNU-stack
                0x0000000000000000        0x0 binaries/strrchr.o
 .note.GNU-stack
                0x0000000000000000        0x0 binaries/strstr.o
 .note.GNU-stack
                0x0000000000000000        0x0 binaries/ttycontrol.o
 .note.GNU-stack
                0x0000000000000000        0x0 binaries/ttygetc.o
 .note.GNU-stack
                0x0000000000000000        0x0 binaries/ttyhandle_in.o
 .note.GNU-stack
                0x0000000000000000        0x0 binaries/ttyhandle_out.o
 .note.GNU-stack
                0x0000000000000000        0x0 binaries/ttyhandler.o
 .note.GNU-stack
                0x0000000000000000        0x0 binaries/ttyinit.o
 .note.GNU-stack
                0x0000000000000000        0x0 binaries/ttykickout.o
 .note.GNU-stack
                0x0000000000000000        0x0 binaries/ttyputc.o
 .note.GNU-stack
                0x0000000000000000        0x0 binaries/ttyread.o
 .note.GNU-stack
                0x0000000000000000        0x0 binaries/ttywrite.o
 .note.GNU-stack
                0x0000000000000000        0x0 binaries/mount.o
 .note.GNU-stack
                0x0000000000000000        0x0 binaries/naminit.o
 .note.GNU-stack
                0x0000000000000000        0x0 binaries/nammap.o
 .note.GNU-stack
                0x0000000000000000        0x0 binaries/namopen.o
 .note.GNU-stack
                0x0000000000000000        0x0 binaries/colon2mac.o
 .note.GNU-stack
                0x0000000000000000        0x0 binaries/ethcontrol.o
 .note.GNU-stack
                0x0000000000000000        0x0 binaries/ethhandler.o
 .note.GNU-stack
                0x0000000000000000        0x0 binaries/ethinit.o
 .note.GNU-stack
                0x0000000000000000        0x0 binaries/ethmcast.o
 .note.GNU-stack
                0x0000000000000000        0x0 binaries/ethread.o
 .note.GNU-stack
                0x0000000000000000        0x0 binaries/ethwrite.o
 .note.GNU-stack
                0x0000000000000000        0x0 binaries/rdsbufalloc.o
 .note.GNU-stack
                0x0000000000000000        0x0 binaries/rdsclose.o
 .note.GNU-stack
                0x0000000000000000        0x0 binaries/rdscomm.o
 .note.GNU-stack
                0x0000000000000000        0x0 binaries/rdscontrol.o
 .note.GNU-stack
                0x0000000000000000        0x0 binaries/rdsinit.o
 .note.GNU-stack
                0x0000000000000000        0x0 binaries/rdsopen.o
 .note.GNU-stack
                0x0000000000000000        0x0 binaries/rdsprocess.o
 .note.GNU-stack
                0x0000000000000000        0x0 binaries/rdsread.o
 .note.GNU-stack
                0x0000000000000000        0x0 binaries/rdswrite.o
 .note.GNU-stack
                0x0000000000000000        0x0 binaries/ramclose.o
 .note.GNU-stack
                0x0000000000000000        0x0 binaries/raminit.o
 .note.GNU-stack
                0x0000000000000000        0x0 binaries/ramopen.o
 .note.GNU-stack
                0x0000000000000000        0x0 binaries/ramread.o
 .note.GNU-stack
                0x0000000000000000        0x0 binaries/ramwrite.o
 .note.GNU-stack
                0x0000000000000000        0x0 binaries/lfdballoc.o
 .note.GNU-stack
                0x0000000000000000        0x0 binaries/lfdbfree.o
 .note.GNU-stack
                0x0000000000000000        0x0 binaries/lfflush.o
 .note.GNU-stack
                0x0000000000000000        0x0 binaries/lfgetmode.o
 .note.GNU-stack
                0x0000000000000000        0x0 binaries/lfiballoc.o
 .note.GNU-stack
                0x0000000000000000        0x0 binaries/lfibclear.o
 .note.GNU-stack
                0x0000000000000000        0x0 binaries/lfibget.o
 .note.GNU-stack
                0x0000000000000000        0x0 binaries/lfibput.o
 .note.GNU-stack
                0x0000000000000000        0x0 binaries/lflclose.o
 .note.GNU-stack
                0x0000000000000000        0x0 binaries/lflcontrol.o
 .note.GNU-stack
                0x0000000000000000        0x0 binaries/lflgetc.o
 .note.GNU-stack
                0x0000000000000000        0x0 binaries/lflinit.o
 .note.GNU-stack
                0x0000000000000000        0x0 binaries/lflputc.o
 .note.GNU-stack
                0x0000000000000000        0x0 binaries/lflread.o
 .note.GNU-stack
                0x0000000000000000        0x0 binaries/lflseek.o
 .note.GNU-stack
                0x0000000000000000        0x0 binaries/lflwrite.o
 .note.GNU-stack
                0x0000000000000000        0x0 binaries/lfsckfmt.o
 .note.GNU-stack
                0x0000000000000000        0x0 binaries/lfscreate.o
 .note.GNU-stack
                0x0000000000000000        0x0 binaries/lfsetup.o
 .note.GNU-stack
                0x0000000000000000        0x0 binaries/lfsinit.o
 .note.GNU-stack
                0x0000000000000000        0x0 binaries/lfsopen.o
 .note.GNU-stack
                0x0000000000000000        0x0 binaries/lftruncate.o
 .note.GNU-stack
                0x0000000000000000        0x0 binaries/rflclose.o
 .note.GNU-stack
                0x0000000000000000        0x0 binaries/rflgetc.o
 .note.GNU-stack
                0x0000000000000000        0x0 binaries/rflinit.o
 .note.GNU-stack
                0x0000000000000000        0x0 binaries/rflputc.o
 .note.GNU-stack
                0x0000000000000000        0x0 binaries/rflread.o
 .note.GNU-stack
                0x0000000000000000        0x0 binaries/rflseek.o
 .note.GNU-stack
                0x0000000000000000        0x0 binaries/rflwrite.o
 .note.GNU-stack
                0x0000000000000000        0x0 binaries/rfscomm.o
 .note.GNU-stack
                0x0000000000000000        0x0 binaries/rfscontrol.o
 .note.GNU-stack
                0x0000000000000000        0x0 binaries/rfsgetmode.o
 .note.GNU-stack
                0x0000000000000000        0x0 binaries/rfsinit.o
 .note.GNU-stack
                0x0000000000000000        0x0 binaries/rfsndmsg.o
 .note.GNU-stack
                0x0000000000000000        0x0 binaries/rfsopen.o
 .note.GNU-stack
                0x0000000000000000        0x0 binaries/arp.o
 .note.GNU-stack
                0x0000000000000000        0x0 binaries/dhcp.o
 .note.GNU-stack
                0x0000000000000000        0x0 binaries/dot2ip.o
 .note.GNU-stack
                0x0000000000000000        0x0 binaries/hexdump.o
 .note.GNU-stack
                0x0000000000000000        0x0 binaries/icmp.o
 .note.GNU-stack
                0x0000000000000000        0x0 binaries/ip.o
 .note.GNU-stack
                0x0000000000000000        0x0 binaries/net.o
 .note.GNU-stack
                0x0000000000000000        0x0 binaries/netstart.o
 .note.GNU-stack
                0x0000000000000000        0x0 binaries/pdump.o
 .note.GNU-stack
                0x0000000000000000        0x0 binaries/tftp.o
 .note.GNU-stack
                0x0000000000000000        0x0 binaries/udp.o
 .note.GNU-stack
                0x0000000000000000        0x0 binaries/addargs.o
 .note.GNU-stack
                0x0000000000000000        0x0 binaries/lexan.o
 .note.GNU-stack
                0x0000000000000000        0x0 binaries/shell.o
 .note.GNU-stack
                0x0000000000000000        0x0 binaries/xsh_argecho.o
 .note.GNU-stack
                0x0000000000000000        0x0 binaries/xsh_arp.o
 .note.GNU-stack
                0x0000000000000000        0x0 binaries/xsh_cat.o
 .note.GNU-stack
                0x0000000000000000        0x0 binaries/xsh_clear.o
 .note.GNU-stack
                0x0000000000000000        0x0 binaries/xsh_date.o
 .note.GNU-stack
                0x0000000000000000        0x0 binaries/xsh_devdump.o
 .note.GNU-stack
                0x0000000000000000        0x0 binaries/xsh_echo.o
 .note.GNU-stack
                0x0000000000000000        0x0 binaries/xsh_exit.o
 .note.GNU-stack
                0x0000000000000000        0x0 binaries/xsh_help.o
 .note.GNU-stack
                0x0000000000000000        0x0 binaries/xsh_ipaddr.o
 .note.GNU-stack
                0x0000000000000000        0x0 binaries/xsh_kill.o
 .note.GNU-stack
                0x0000000000000000        0x0 binaries/xsh_memdump.o
 .note.GNU-stack
                0x0000000000000000        0x0 binaries/xsh_memstat.o
 .note.GNU-stack
                0x0000000000000000        0x0 binaries/xsh_ping.o
 .note.GNU-stack
                0x0000000000000000        0x0 binaries/xsh_ps.o
 .note.GNU-stack
                0x0000000000000000        0x0 binaries/xsh_sleep.o
 .note.GNU-stack
                0x0000000000000000        0x0 binaries/xsh_udpdump.o
 .note.GNU-stack
                0x0000000000000000        0x0 binaries/xsh_udpecho.o
 .note.GNU-stack
                0x0000000000000000        0x0 binaries/xsh_udpeserver.o
 .note.GNU-stack
                0x0000000000000000        0x0 binaries/xsh_uptime.o
